
> react-typescript-starter@0.1.0 test
> react-scripts test --coverage

Browserslist: caniuse-lite is outdated. Please run:
  npx browserslist@latest --update-db
  Why you should do it regularly: https://github.com/browserslist/browserslist#browsers-data-updating
FAIL src/App.test.tsx
  ● Test suite failed to run

    Your test suite must contain at least one test.

      at onResult (node_modules/@jest/core/build/TestScheduler.js:175:18)
      at node_modules/@jest/core/build/TestScheduler.js:316:17
      at node_modules/emittery/index.js:260:13
          at Array.map (<anonymous>)
      at Emittery.emit (node_modules/emittery/index.js:258:23)

----------------------|---------|----------|---------|---------|-------------------
File                  | % Stmts | % Branch | % Funcs | % Lines | Uncovered Line #s 
----------------------|---------|----------|---------|---------|-------------------
All files             |       0 |        0 |       0 |       0 |                   
 src                  |       0 |        0 |       0 |       0 |                   
  App.tsx             |       0 |        0 |       0 |       0 | 13-53             
  Board.tsx           |       0 |        0 |       0 |       0 | 8-44              
  BoardSquare.tsx     |       0 |        0 |       0 |       0 | 13-26             
  CustomDragLayer.tsx |       0 |        0 |       0 |       0 | 14-84             
  Draggable.tsx       |       0 |        0 |       0 |       0 |                   
  Menu.tsx            |       0 |        0 |       0 |       0 | 20-61             
  Overlay.tsx         |       0 |      100 |       0 |       0 | 7-8               
  Pic.tsx             |       0 |        0 |       0 |       0 | 5-13              
  Square.tsx          |       0 |        0 |       0 |       0 | 7-11              
  Trash.tsx           |       0 |        0 |       0 |       0 |                   
  constants.ts        |       0 |      100 |     100 |       0 | 1                 
  game.ts             |       0 |        0 |       0 |       0 | 1-27              
  rotate.tsx          |       0 |        0 |       0 |       0 | 7-29              
  tileList.tsx        |       0 |      100 |     100 |       0 | 3-483             
 src/Interfaces       |       0 |        0 |       0 |       0 |                   
  DragTile.ts         |       0 |        0 |       0 |       0 |                   
 src/components       |       0 |      100 |       0 |       0 |                   
  Box.tsx             |       0 |      100 |       0 |       0 | 7-17              
  Tile.tsx            |       0 |      100 |       0 |       0 | 6-33              
  dndarr.tsx          |       0 |      100 |       0 |       0 | 15-24             
  dropdown.tsx        |       0 |      100 |       0 |       0 | 31-101            
----------------------|---------|----------|---------|---------|-------------------
Test Suites: 1 failed, 1 total
Tests:       0 total
Snapshots:   0 total
Time:        2.368 s
Ran all test suites.
